// Jest Snapshot v1, https://goo.gl/fbAQLP

exports[`Child handles empty titles appropriately 1`] = `<DocumentFragment />`;

exports[`Child renders a thumbnail 1`] = `<DocumentFragment />`;

exports[`Child renders child counts 1`] = `<DocumentFragment />`;

exports[`Child renders thumbnail and child counts 1`] = `<DocumentFragment />`;

exports[`Child renders using ajax-loaded data 1`] = `<DocumentFragment />`;
