// Jest Snapshot v1, https://goo.gl/fbAQLP

exports[`SelectableChild handles empty initial titles appropriately 1`] = `null`;

exports[`SelectableChild handles missing object details storage title metadata correctly 1`] = `null`;

exports[`SelectableChild renders thumbnails 1`] = `null`;

exports[`SelectableChild renders using object details storage data 1`] = `null`;

exports[`SelectableChild renders using provided default data 1`] = `null`;
