// Jest Snapshot v1, https://goo.gl/fbAQLP

exports[`DatatypeContent renders audio tag on audio primaryType 1`] = `null`;

exports[`DatatypeContent renders img on image primaryType 1`] = `null`;

exports[`DatatypeContent renders object on application/pdf 1`] = `null`;

exports[`DatatypeContent renders textarea on text primaryType 1`] = `null`;
