// Jest Snapshot v1, https://goo.gl/fbAQLP

exports[`DatastreamDublinCoreEditField renders a dropdown field 1`] = `null`;

exports[`DatastreamDublinCoreEditField renders a dropdown field with an unexpected value 1`] = `null`;

exports[`DatastreamDublinCoreEditField renders a locked field 1`] = `null`;

exports[`DatastreamDublinCoreEditField renders a text field 1`] = `null`;

exports[`DatastreamDublinCoreEditField renders an html field 1`] = `null`;

exports[`DatastreamDublinCoreEditField renders an unknown field 1`] = `null`;
