// Jest Snapshot v1, https://goo.gl/fbAQLP

exports[`ObjectStatus defaults to unknown state 1`] = `
<DocumentFragment>
   
  <span
    class="MuiCircularProgress-root MuiCircularProgress-indeterminate MuiCircularProgress-colorPrimary css-1wxecgq-MuiCircularProgress-root"
    role="progressbar"
    style="width: 1em; height: 1em;"
  >
    <svg
      class="MuiCircularProgress-svg css-54pwck-MuiCircularProgress-svg"
      viewBox="22 22 44 44"
    >
      <circle
        class="MuiCircularProgress-circle MuiCircularProgress-circleIndeterminate css-19t5dcl-MuiCircularProgress-circle"
        cx="44"
        cy="44"
        fill="none"
        r="20.2"
        stroke-width="3.6"
      />
    </svg>
  </span>
  ,
</DocumentFragment>
`;

exports[`ObjectStatus displays the state found in the response 1`] = `
<DocumentFragment>
  <button
    class="status_btn inactive"
  >
    <span
      class="indicator"
    >
      <svg
        aria-hidden="true"
        class="MuiSvgIcon-root MuiSvgIcon-fontSizeMedium css-1umw9bq-MuiSvgIcon-root"
        data-testid="ModeStandbyIcon"
        focusable="false"
        viewBox="0 0 24 24"
      >
        <path
          d="M12 2C6.49 2 2 6.49 2 12s4.49 10 10 10 10-4.49 10-10S17.51 2 12 2m0 18c-4.41 0-8-3.59-8-8s3.59-8 8-8 8 3.59 8 8-3.59 8-8 8m3-8c0 1.66-1.34 3-3 3s-3-1.34-3-3 1.34-3 3-3 3 1.34 3 3"
        />
      </svg>
    </span>
     Inactive
  </button>
  ,
</DocumentFragment>
`;
