// Jest Snapshot v1, https://goo.gl/fbAQLP

exports[`PidPicker renders correctly with a selected PID 1`] = `null`;

exports[`PidPicker renders correctly with favorite PIDs 1`] = `null`;

exports[`PidPicker renders correctly with parents 1`] = `null`;

exports[`PidPicker renders correctly with recent PIDs 1`] = `null`;

exports[`PidPicker renders correctly without favorite PIDs 1`] = `null`;
